// Jest Snapshot v1, https://goo.gl/fbAQLP

exports[`pruebas en <SearchPage /> debe de mostrarse con valores por defecto 1`] = `
<div>
  <h1>
    SearchPage
  </h1>
  <hr />
  <div
    class="row"
  >
    <div
      class="col-5"
    >
      <h4>
        Searching
      </h4>
      <hr />
      <form>
        <input
          autocomplete="off"
          class="form-control"
          name="searchText"
          placeholder="Search a Hero"
          type="text"
          value=""
        />
        <button
          class="btn btn-outline-primary mt-1"
        >
          Search
        </button>
      </form>
    </div>
    <div
      class="col-7"
    >
      <h4>
        Results
      </h4>
      <hr />
      <div
        class="alert alert-primary animate__animated animate__fadeIn"
      >
        Search a Hero
      </div>
      <div
        aria-label="alert-danger"
        class="alert alert-danger animate__animated animate__fadeInLeft"
        style="display: none;"
      >
        not found 
        <b />
      </div>
    </div>
  </div>
</div>
`;
